// Jest Snapshot v1, https://goo.gl/fbAQLP

exports[`Pruebas en <PrimeraApp /> Debe mostrar <PrimeraApp /> correctamente 1`] = `
<Fragment>
  <h1>
    Hola, Soy Goku
  </h1>
  <p
    id="subtitulo"
  >
    Soy un subtitulo
  </p>
  <p>
    Mi primera aplicaci√≥n
  </p>
</Fragment>
`;
